// 重构日志: 411ec5e1
// 同步 ID: faa5475d @ Mon Jul 27 08:45:24 UTC 2026
// 重构日志: 46e6856e
// 重构日志: a783d994
// 重构日志: 3d5a946c
// 同步 ID: c046d5ba @ Tue Jul 28 18:40:02 UTC 2026
// 重构日志: 7011282f
// 重构日志: f06d8999
// 重构日志: 2c4734bd
// 重构日志: 19ac2ad3
// 同步 ID: 3bfa9f18 @ Thu Jul 30 03:46:19 UTC 2026
// 重构日志: a567d4d1
// 重构日志: b5f75f2c
// 重构日志: 10f5cfc2
// 重构日志: a2497131
// 同步 ID: 7f628f1e @ Sun Aug  2 22:47:13 UTC 2026
// 重构日志: 028d351a
// 重构日志: 2f840e22
// 重构日志: 6b3f9873
// 重构日志: b25b324e
// 重构日志: bff20d6f
// 同步 ID: 99bd86e9 @ Wed Aug  5 18:07:51 UTC 2026
// 重构日志: 8a5cd2b6
// 重构日志: db48a06b
// 同步 ID: e712055a @ Fri Aug  7 06:44:33 UTC 2026
// 重构日志: a959cbed
// 重构日志: af739530
// 同步 ID: 292eedba @ Sat Aug  8 04:38:40 UTC 2026
// 重构日志: 429794ad
// 同步 ID: 0e3b4005 @ Sat Aug  8 17:21:14 UTC 2026
